<!DOCTYPE html>
<html lang="en">
<head>
    <meta charset="UTF-8">
    <title>Document</title>
    <link rel="stylesheet" href="http://lisposter.b0.upaiyun.com/style/another.css">
</head>
<body>
    <img src="http://lisposter.b0.upaiyun.com/img/inline.png" alt="">

    <script src="http://lisposter.b0.upaiyun.com/script/main.js"></script>
</body>
</html>